example_id                                                            | status | run_time        |
--------------------------------------------------------------------- | ------ | --------------- |
./spec/models/parliamentary_cost_spec.rb[1:1]                         | passed | 0.15621 seconds |
./spec/system/user_upload_csv_file_spec.rb[1:1]                       | passed | 3.72 seconds    |
./spec/system/user_upload_csv_file_spec.rb[1:2]                       | passed | 0.16216 seconds |
./spec/system/user_upload_csv_file_spec.rb[1:3]                       | passed | 0.16959 seconds |
./spec/system/user_view_homepage_spec.rb[1:1]                         | passed | 0.05833 seconds |
./spec/system/user_view_total_parliamentary_detail_costs_spec.rb[1:1] | passed | 0.28374 seconds |
./spec/system/user_view_total_parliamentary_detail_costs_spec.rb[1:2] | passed | 0.16764 seconds |
